<html xmlns="http://www.w3.org/1999/xhtml" xml:lang="da">
 <head>
  <title>Specific problem</title>
  <meta charset="utf-8">
  <meta name="viewport" content="width=device-width, initial-scale=1">
  <link rel="stylesheet" media="screen" type="text/css" href="http://localhost:0000/solrwayback/services/notfound/">
  <link rel="stylesheet" media="print" type="text/css" href="http://localhost:0000/solrwayback/services/view?source_file_path=somesourcefile&amp;offset=2">
  <link rel="stylesheet" type="text/css" href="http://localhost:0000/solrwayback/services/notfound/">
  <link rel="icon" href="http://localhost:0000/solrwayback/services/view?source_file_path=somesourcefile&amp;offset=4" type="image/x-icon">
  <link rel="shortcut icon" href="http://localhost:0000/solrwayback/services/view?source_file_path=somesourcefile&amp;offset=5" type="image/x-icon">
 </head>
 <body>
  <p>Nothing here</p>  "
 </body>
</html>